<html>
<body>
<pre>
<h1>µVision Build Log</h1>
<h2>Project:</h2>
D:\Nuvoton\BSP Library\NUC100SeriesBSP_CMSIS_v1.05.003\NuvotonPlatform_Keil\Sample\poc2\src\Smpl_NUTINY_140.uvproj
Project File Date:  01/28/2015

<h2>Output:</h2>
Load "D:\\Nuvoton\\BSP Library\\NUC100SeriesBSP_CMSIS_v1.05.003\\NuvotonPlatform_Keil\\Sample\\poc2\\src\\obj\\apc_winter.AXF" 
Load "D:\\Nuvoton\\BSP Library\\NUC100SeriesBSP_CMSIS_v1.05.003\\NuvotonPlatform_Keil\\Sample\\poc2\\src\\obj\\apc_winter.AXF" 
Rebuild target 'APC_Winterl_NUTINY_140'
creating preprocessor file for core_cm0.c...
compiling core_cm0.c...
creating preprocessor file for system_NUC1xx.c...
compiling system_NUC1xx.c...
assembling startup_NUC1xx.s...
creating preprocessor file for main.c...
compiling main.c...
creating preprocessor file for counter_people.c...
compiling counter_people.c...
creating preprocessor file for uart.c...
compiling uart.c...
creating preprocessor file for sensor.c...
compiling sensor.c...
sensor.c(93): warning:  #177-D: variable "i" was declared but never referenced
sensor.c(74): warning:  #177-D: function "get_ADC_value_1" was declared but never referenced
creating preprocessor file for log.c...
compiling log.c...
creating preprocessor file for system.c...
compiling system.c...
creating preprocessor file for pc.c...
compiling pc.c...
creating preprocessor file for channel.c...
compiling channel.c...
creating preprocessor file for slave.c...
compiling slave.c...
creating preprocessor file for DrvGPIO.c...
compiling DrvGPIO.c...
creating preprocessor file for DrvRTC.c...
compiling DrvRTC.c...
creating preprocessor file for DrvSYS.c...
compiling DrvSYS.c...
creating preprocessor file for DrvTIMER.c...
compiling DrvTIMER.c...
creating preprocessor file for DrvUART.c...
compiling DrvUART.c...
creating preprocessor file for retarget.c...
compiling retarget.c...
creating preprocessor file for DrvADC.c...
compiling DrvADC.c...
creating preprocessor file for DrvPWM.c...
compiling DrvPWM.c...
creating preprocessor file for DrvI2C.c...
compiling DrvI2C.c...
creating preprocessor file for DrvI2S.c...
compiling DrvI2S.c...
creating preprocessor file for DrvPDMA.c...
compiling DrvPDMA.c...
linking...
Program Size: Code=29064 RO-data=1120 RW-data=1540 ZI-data=13348  
User command #1: fromelf --bin ".\obj\apc_winter.axf" --output ".\obj\apc_winter.bin"
User command #2: fromelf --text -c ".\obj\apc_winter.axf" --output ".\obj\apc_winter.txt"
".\obj\apc_winter.axf" - 0 Error(s), 2 Warning(s).
Load "D:\\Nuvoton\\BSP Library\\NUC100SeriesBSP_CMSIS_v1.05.003\\NuvotonPlatform_Keil\\Sample\\poc2\\src\\obj\\apc_winter.AXF" 
Rebuild target 'APC_Winterl_NUTINY_140'
creating preprocessor file for core_cm0.c...
compiling core_cm0.c...
creating preprocessor file for system_NUC1xx.c...
compiling system_NUC1xx.c...
assembling startup_NUC1xx.s...
creating preprocessor file for main.c...
compiling main.c...
creating preprocessor file for counter_people.c...
compiling counter_people.c...
creating preprocessor file for uart.c...
compiling uart.c...
creating preprocessor file for sensor.c...
compiling sensor.c...
sensor.c(93): warning:  #177-D: variable "i" was declared but never referenced
sensor.c(74): warning:  #177-D: function "get_ADC_value_1" was declared but never referenced
creating preprocessor file for log.c...
compiling log.c...
creating preprocessor file for system.c...
compiling system.c...
creating preprocessor file for pc.c...
compiling pc.c...
creating preprocessor file for channel.c...
compiling channel.c...
creating preprocessor file for slave.c...
compiling slave.c...
creating preprocessor file for DrvGPIO.c...
compiling DrvGPIO.c...
creating preprocessor file for DrvRTC.c...
compiling DrvRTC.c...
creating preprocessor file for DrvSYS.c...
compiling DrvSYS.c...
creating preprocessor file for DrvTIMER.c...
compiling DrvTIMER.c...
creating preprocessor file for DrvUART.c...
compiling DrvUART.c...
creating preprocessor file for retarget.c...
compiling retarget.c...
creating preprocessor file for DrvADC.c...
compiling DrvADC.c...
creating preprocessor file for DrvPWM.c...
compiling DrvPWM.c...
creating preprocessor file for DrvI2C.c...
compiling DrvI2C.c...
creating preprocessor file for DrvI2S.c...
compiling DrvI2S.c...
creating preprocessor file for DrvPDMA.c...
compiling DrvPDMA.c...
linking...
Program Size: Code=29080 RO-data=1120 RW-data=1540 ZI-data=13348  
User command #1: fromelf --bin ".\obj\apc_winter.axf" --output ".\obj\apc_winter.bin"
User command #2: fromelf --text -c ".\obj\apc_winter.axf" --output ".\obj\apc_winter.txt"
".\obj\apc_winter.axf" - 0 Error(s), 2 Warning(s).
Rebuild target 'APC_Winterl_NUTINY_140'
creating preprocessor file for core_cm0.c...
compiling core_cm0.c...
creating preprocessor file for system_NUC1xx.c...
compiling system_NUC1xx.c...
assembling startup_NUC1xx.s...
creating preprocessor file for main.c...
compiling main.c...
creating preprocessor file for counter_people.c...
compiling counter_people.c...
creating preprocessor file for uart.c...
compiling uart.c...
creating preprocessor file for sensor.c...
compiling sensor.c...
sensor.c(93): warning:  #177-D: variable "i" was declared but never referenced
sensor.c(74): warning:  #177-D: function "get_ADC_value_1" was declared but never referenced
creating preprocessor file for log.c...
compiling log.c...
creating preprocessor file for system.c...
compiling system.c...
creating preprocessor file for pc.c...
compiling pc.c...
creating preprocessor file for channel.c...
compiling channel.c...
creating preprocessor file for slave.c...
compiling slave.c...
creating preprocessor file for DrvGPIO.c...
compiling DrvGPIO.c...
creating preprocessor file for DrvRTC.c...
compiling DrvRTC.c...
creating preprocessor file for DrvSYS.c...
compiling DrvSYS.c...
creating preprocessor file for DrvTIMER.c...
compiling DrvTIMER.c...
creating preprocessor file for DrvUART.c...
compiling DrvUART.c...
creating preprocessor file for retarget.c...
compiling retarget.c...
creating preprocessor file for DrvADC.c...
compiling DrvADC.c...
creating preprocessor file for DrvPWM.c...
compiling DrvPWM.c...
creating preprocessor file for DrvI2C.c...
compiling DrvI2C.c...
creating preprocessor file for DrvI2S.c...
compiling DrvI2S.c...
creating preprocessor file for DrvPDMA.c...
compiling DrvPDMA.c...
linking...
Program Size: Code=29080 RO-data=1120 RW-data=1540 ZI-data=13348  
User command #1: fromelf --bin ".\obj\apc_winter.axf" --output ".\obj\apc_winter.bin"
User command #2: fromelf --text -c ".\obj\apc_winter.axf" --output ".\obj\apc_winter.txt"
".\obj\apc_winter.axf" - 0 Error(s), 2 Warning(s).
Load "D:\\Nuvoton\\BSP Library\\NUC100SeriesBSP_CMSIS_v1.05.003\\NuvotonPlatform_Keil\\Sample\\poc2\\src\\obj\\apc_winter.AXF" 
Load "D:\\Nuvoton\\BSP Library\\NUC100SeriesBSP_CMSIS_v1.05.003\\NuvotonPlatform_Keil\\Sample\\poc2\\src\\obj\\apc_winter.AXF" 
Load "D:\\Nuvoton\\BSP Library\\NUC100SeriesBSP_CMSIS_v1.05.003\\NuvotonPlatform_Keil\\Sample\\poc2\\src\\obj\\apc_winter.AXF" 
