ARM Linker, 4.1 [Build 894] [Evaluation]

==============================================================================

Small function inlining results

Inlined function __aeabi_idiv0 from aeabi_idiv0.o at offset 0x154 in aeabi_sdiv.o(.text).
Inlined Instruction: BX       lr
Inlined function __aeabi_idiv0 from aeabi_idiv0.o at offset 0x154 in aeabi_sdiv_div0.o(.text).
Inlined Instruction: BX       lr
Inlined function __ieee_status from ieee_status.o at offset 0x1c in _printf_fp_dec.o(.text).
Inlined Instruction: MOVS     r0,#0
Inlined function _platform_pre_stackheap_init from boardinit1.o at offset 0x0 in rtentry2.o(.ARM.Collect$$rtentry$$00000001).
Inlined Instruction: BX       lr
Inlined function __ieee_status from ieee_status.o at offset 0x1ec in btod.o(.text).
Inlined Instruction: MOVS     r0,#0
Inlined function __ieee_status from ieee_status.o at offset 0x3d2 in btod.o(.text).
Inlined Instruction: MOVS     r0,#0
Inlined function _fp_init from fpinit.o at offset 0x2 in libinit.o(.ARM.Collect$$libinit$$00000000).
Inlined Instruction: BX       lr
Inlined function __ARM_get_argv from no_argv.o at offset 0x2 in argv_veneer.o(.text).
Inlined Instruction: BX       lr
Inlined function _platform_pre_lib_shutdown from boardshut.o at offset 0x0 in rtexit2.o(.ARM.Collect$$rtexit$$00000001).
Inlined Instruction: BX       lr
Inlined total of 9 calls.

==============================================================================

Memory Map of the image

  Image Entry point : 0x0000029d

  Load Region LR_1 (Base: 0x00000000, Size: 0x00007bfc, Max: 0xffffffff, ABSOLUTE)

    Execution Region ER_RO (Base: 0x00000000, Size: 0x000075f8, Max: 0xffffffff, ABSOLUTE)

    Base Addr    Size         Type   Attr      Idx    E Section Name        Object

    0x00000000   0x000000c0   Data   RO           55    RESET               startup_nuc1xx.o
    0x000000c0   0x00000008   Code   RO         2858  * !!!main             c_p.l(__main.o)
    0x000000c8   0x0000003c   Code   RO         3172    !!!scatter          c_p.l(__scatter.o)
    0x00000104   0x0000001a   Code   RO         3174    !!handler_copy      c_p.l(__scatter_copy.o)
    0x0000011e   0x00000002   PAD
    0x00000120   0x0000001c   Code   RO         3176    !!handler_zi        c_p.l(__scatter_zi.o)
    0x0000013c   0x00000002   Code   RO         2841    .ARM.Collect$$_printf_percent$$00000000  c_p.l(_printf_percent.o)
    0x0000013e   0x0000000a   Code   RO         2941    .ARM.Collect$$_printf_percent$$00000001  c_p.l(_printf_n.o)
    0x00000148   0x0000000a   Code   RO         2943    .ARM.Collect$$_printf_percent$$00000002  c_p.l(_printf_p.o)
    0x00000152   0x0000000a   Code   RO         2840    .ARM.Collect$$_printf_percent$$00000003  c_p.l(_printf_f.o)
    0x0000015c   0x0000000a   Code   RO         2947    .ARM.Collect$$_printf_percent$$00000004  c_p.l(_printf_e.o)
    0x00000166   0x0000000a   Code   RO         2948    .ARM.Collect$$_printf_percent$$00000005  c_p.l(_printf_g.o)
    0x00000170   0x0000000a   Code   RO         2949    .ARM.Collect$$_printf_percent$$00000006  c_p.l(_printf_a.o)
    0x0000017a   0x0000000a   Code   RO         2954    .ARM.Collect$$_printf_percent$$00000007  c_p.l(_printf_ll.o)
    0x00000184   0x0000000a   Code   RO         2945    .ARM.Collect$$_printf_percent$$00000008  c_p.l(_printf_i.o)
    0x0000018e   0x0000000a   Code   RO         2839    .ARM.Collect$$_printf_percent$$00000009  c_p.l(_printf_d.o)
    0x00000198   0x0000000a   Code   RO         2946    .ARM.Collect$$_printf_percent$$0000000A  c_p.l(_printf_u.o)
    0x000001a2   0x0000000a   Code   RO         2944    .ARM.Collect$$_printf_percent$$0000000B  c_p.l(_printf_o.o)
    0x000001ac   0x0000000a   Code   RO         2942    .ARM.Collect$$_printf_percent$$0000000C  c_p.l(_printf_x.o)
    0x000001b6   0x0000000a   Code   RO         2951    .ARM.Collect$$_printf_percent$$0000000D  c_p.l(_printf_lli.o)
    0x000001c0   0x0000000a   Code   RO         2952    .ARM.Collect$$_printf_percent$$0000000E  c_p.l(_printf_lld.o)
    0x000001ca   0x0000000a   Code   RO         2953    .ARM.Collect$$_printf_percent$$0000000F  c_p.l(_printf_llu.o)
    0x000001d4   0x0000000a   Code   RO         2958    .ARM.Collect$$_printf_percent$$00000010  c_p.l(_printf_llo.o)
    0x000001de   0x0000000a   Code   RO         2959    .ARM.Collect$$_printf_percent$$00000011  c_p.l(_printf_llx.o)
    0x000001e8   0x0000000a   Code   RO         2955    .ARM.Collect$$_printf_percent$$00000012  c_p.l(_printf_l.o)
    0x000001f2   0x0000000a   Code   RO         2939    .ARM.Collect$$_printf_percent$$00000013  c_p.l(_printf_c.o)
    0x000001fc   0x0000000a   Code   RO         2940    .ARM.Collect$$_printf_percent$$00000014  c_p.l(_printf_s.o)
    0x00000206   0x0000000a   Code   RO         2956    .ARM.Collect$$_printf_percent$$00000015  c_p.l(_printf_lc.o)
    0x00000210   0x0000000a   Code   RO         2957    .ARM.Collect$$_printf_percent$$00000016  c_p.l(_printf_ls.o)
    0x0000021a   0x00000004   Code   RO         2950    .ARM.Collect$$_printf_percent$$00000017  c_p.l(_printf_percent_end.o)
    0x0000021e   0x00000006   Code   RO         3049    .ARM.Collect$$libinit$$00000000  c_p.l(libinit.o)
    0x00000224   0x00000000   Code   RO         3052    .ARM.Collect$$libinit$$00000006  c_p.l(libinit2.o)
    0x00000224   0x00000000   Code   RO         3054    .ARM.Collect$$libinit$$00000008  c_p.l(libinit2.o)
    0x00000224   0x00000000   Code   RO         3056    .ARM.Collect$$libinit$$0000000A  c_p.l(libinit2.o)
    0x00000224   0x00000006   Code   RO         3057    .ARM.Collect$$libinit$$0000000B  c_p.l(libinit2.o)
    0x0000022a   0x00000000   Code   RO         3059    .ARM.Collect$$libinit$$0000000D  c_p.l(libinit2.o)
    0x0000022a   0x0000000c   Code   RO         3060    .ARM.Collect$$libinit$$0000000E  c_p.l(libinit2.o)
    0x00000236   0x00000000   Code   RO         3061    .ARM.Collect$$libinit$$0000000F  c_p.l(libinit2.o)
    0x00000236   0x00000000   Code   RO         3063    .ARM.Collect$$libinit$$00000011  c_p.l(libinit2.o)
    0x00000236   0x0000000a   Code   RO         3064    .ARM.Collect$$libinit$$00000012  c_p.l(libinit2.o)
    0x00000240   0x00000000   Code   RO         3065    .ARM.Collect$$libinit$$00000013  c_p.l(libinit2.o)
    0x00000240   0x00000000   Code   RO         3067    .ARM.Collect$$libinit$$00000015  c_p.l(libinit2.o)
    0x00000240   0x00000000   Code   RO         3069    .ARM.Collect$$libinit$$00000017  c_p.l(libinit2.o)
    0x00000240   0x00000000   Code   RO         3071    .ARM.Collect$$libinit$$00000019  c_p.l(libinit2.o)
    0x00000240   0x00000000   Code   RO         3073    .ARM.Collect$$libinit$$0000001B  c_p.l(libinit2.o)
    0x00000240   0x00000000   Code   RO         3075    .ARM.Collect$$libinit$$0000001D  c_p.l(libinit2.o)
    0x00000240   0x00000000   Code   RO         3077    .ARM.Collect$$libinit$$0000001F  c_p.l(libinit2.o)
    0x00000240   0x00000000   Code   RO         3079    .ARM.Collect$$libinit$$00000021  c_p.l(libinit2.o)
    0x00000240   0x00000000   Code   RO         3083    .ARM.Collect$$libinit$$00000028  c_p.l(libinit2.o)
    0x00000240   0x00000000   Code   RO         3085    .ARM.Collect$$libinit$$0000002A  c_p.l(libinit2.o)
    0x00000240   0x00000000   Code   RO         3087    .ARM.Collect$$libinit$$0000002C  c_p.l(libinit2.o)
    0x00000240   0x00000000   Code   RO         3089    .ARM.Collect$$libinit$$0000002E  c_p.l(libinit2.o)
    0x00000240   0x00000002   Code   RO         3090    .ARM.Collect$$libinit$$0000002F  c_p.l(libinit2.o)
    0x00000242   0x00000002   Code   RO         3138    .ARM.Collect$$libshutdown$$00000000  c_p.l(libshutdown.o)
    0x00000244   0x00000000   Code   RO         3157    .ARM.Collect$$libshutdown$$00000003  c_p.l(libshutdown2.o)
    0x00000244   0x00000000   Code   RO         3160    .ARM.Collect$$libshutdown$$00000006  c_p.l(libshutdown2.o)
    0x00000244   0x00000000   Code   RO         3163    .ARM.Collect$$libshutdown$$00000009  c_p.l(libshutdown2.o)
    0x00000244   0x00000000   Code   RO         3165    .ARM.Collect$$libshutdown$$0000000B  c_p.l(libshutdown2.o)
    0x00000244   0x00000000   Code   RO         3168    .ARM.Collect$$libshutdown$$0000000E  c_p.l(libshutdown2.o)
    0x00000244   0x00000002   Code   RO         3169    .ARM.Collect$$libshutdown$$0000000F  c_p.l(libshutdown2.o)
    0x00000246   0x00000000   Code   RO         2879    .ARM.Collect$$rtentry$$00000000  c_p.l(rtentry.o)
    0x00000246   0x00000000   Code   RO         2975    .ARM.Collect$$rtentry$$00000002  c_p.l(rtentry2.o)
    0x00000246   0x00000006   Code   RO         2987    .ARM.Collect$$rtentry$$00000004  c_p.l(rtentry4.o)
    0x0000024c   0x00000000   Code   RO         2977    .ARM.Collect$$rtentry$$00000009  c_p.l(rtentry2.o)
    0x0000024c   0x00000004   Code   RO         2978    .ARM.Collect$$rtentry$$0000000A  c_p.l(rtentry2.o)
    0x00000250   0x00000000   Code   RO         2980    .ARM.Collect$$rtentry$$0000000C  c_p.l(rtentry2.o)
    0x00000250   0x00000008   Code   RO         2981    .ARM.Collect$$rtentry$$0000000D  c_p.l(rtentry2.o)
    0x00000258   0x00000002   Code   RO         3094    .ARM.Collect$$rtexit$$00000000  c_p.l(rtexit.o)
    0x0000025a   0x00000000   Code   RO         3109    .ARM.Collect$$rtexit$$00000002  c_p.l(rtexit2.o)
    0x0000025a   0x00000004   Code   RO         3110    .ARM.Collect$$rtexit$$00000003  c_p.l(rtexit2.o)
    0x0000025e   0x00000006   Code   RO         3111    .ARM.Collect$$rtexit$$00000004  c_p.l(rtexit2.o)
    0x00000264   0x00000038   Code   RO         2962    .emb_text           c_p.l(rt_memcpy.o)
    0x0000029c   0x00000064   Code   RO           56  * .text               startup_nuc1xx.o
    0x00000300   0x00000034   Code   RO         2809    .text               c_p.l(c89vsnprintf.o)
    0x00000334   0x0000002c   Code   RO         2811    .text               c_p.l(__2sprintf.o)
    0x00000360   0x0000006c   Code   RO         2817    .text               c_p.l(_printf_dec.o)
    0x000003cc   0x00000188   Code   RO         2836    .text               c_p.l(__printf_flags_ss_wp.o)
    0x00000554   0x0000001a   Code   RO         2842    .text               c_p.l(atoi.o)
    0x0000056e   0x00000096   Code   RO         2844    .text               c_p.l(rt_memmove.o)
    0x00000604   0x00000012   Code   RO         2846    .text               c_p.l(aeabi_memset.o)
    0x00000616   0x00000040   Code   RO         2848    .text               c_p.l(rt_memclr.o)
    0x00000656   0x00000002   PAD
    0x00000658   0x00000088   Code   RO         2850    .text               c_p.l(strcmp.o)
    0x000006e0   0x0000015a   Code   RO         2852    .text               c_p.l(aeabi_sdiv.o)
    0x0000083a   0x00000006   Code   RO         2856    .text               c_p.l(heapauxi.o)
    0x00000840   0x00000344   Code   RO         2860    .text               fz_ps.l(daddsub.o)
    0x00000b84   0x00000438   Code   RO         2862    .text               fz_ps.l(ddiv.o)
    0x00000fbc   0x0000006c   Code   RO         2865    .text               fz_ps.l(dfixi.o)
    0x00001028   0x00000048   Code   RO         2867    .text               fz_ps.l(dfixui.o)
    0x00001070   0x00000056   Code   RO         2869    .text               fz_ps.l(dflti.o)
    0x000010c6   0x00000002   PAD
    0x000010c8   0x00000290   Code   RO         2873    .text               fz_ps.l(dmul.o)
    0x00001358   0x00000008   Code   RO         2887    .text               c_p.l(rt_errno_addr_intlibspace.o)
    0x00001360   0x0000004e   Code   RO         2889    .text               c_p.l(_printf_pad.o)
    0x000013ae   0x00000024   Code   RO         2891    .text               c_p.l(_printf_truncate.o)
    0x000013d2   0x00000052   Code   RO         2893    .text               c_p.l(_printf_str.o)
    0x00001424   0x000000b0   Code   RO         2895    .text               c_p.l(_printf_intcommon.o)
    0x000014d4   0x00000028   Code   RO         2897    .text               c_p.l(_printf_charcount.o)
    0x000014fc   0x00000414   Code   RO         2899    .text               c_p.l(_printf_fp_dec.o)
    0x00001910   0x00000030   Code   RO         2901    .text               c_p.l(_printf_char_common.o)
    0x00001940   0x0000000a   Code   RO         2903    .text               c_p.l(_sputc.o)
    0x0000194a   0x00000010   Code   RO         2905    .text               c_p.l(_snputc.o)
    0x0000195a   0x00000002   PAD
    0x0000195c   0x000000bc   Code   RO         2907    .text               c_p.l(_printf_wctomb.o)
    0x00001a18   0x00000070   Code   RO         2910    .text               c_p.l(_printf_longlong_dec.o)
    0x00001a88   0x00000070   Code   RO         2916    .text               c_p.l(_printf_oct_int_ll.o)
    0x00001af8   0x00000098   Code   RO         2936    .text               c_p.l(_printf_hex_int_ll_ptr.o)
    0x00001b90   0x00000070   Code   RO         2960    .text               c_p.l(strtol.o)
    0x00001c00   0x00000082   Code   RO         2963    .text               c_p.l(rt_memcpy.o)
    0x00001c82   0x00000028   Code   RO         2966    .text               c_p.l(rtudiv10.o)
    0x00001caa   0x00000002   PAD
    0x00001cac   0x00000080   Code   RO         2968    .text               fz_ps.l(dcmpin.o)
    0x00001d2c   0x00000008   Code   RO         2971    .text               c_p.l(libspace.o)
    0x00001d34   0x00000010   Code   RO         2989    .text               c_p.l(rt_ctype_table.o)
    0x00001d44   0x00000008   Code   RO         2996    .text               c_p.l(rt_locale_intlibspace.o)
    0x00001d4c   0x0000007a   Code   RO         2998    .text               c_p.l(lludiv10.o)
    0x00001dc6   0x00000002   PAD
    0x00001dc8   0x00000088   Code   RO         3000    .text               c_p.l(_printf_fp_infnan.o)
    0x00001e50   0x0000002e   Code   RO         3004    .text               c_p.l(_printf_char.o)
    0x00001e7e   0x0000002e   Code   RO         3006    .text               c_p.l(_printf_wchar.o)
    0x00001eac   0x000000a6   Code   RO         3008    .text               c_p.l(_strtoul.o)
    0x00001f52   0x00000002   PAD
    0x00001f54   0x000000cc   Code   RO         3010    .text               c_p.l(bigflt0.o)
    0x00002020   0x000004a8   Code   RO         3013    .text               c_p.l(btod.o)
    0x000024c8   0x00000044   Code   RO         3017    .text               c_p.l(_wcrtomb.o)
    0x0000250c   0x0000002c   Code   RO         3022    .text               fz_ps.l(cmpret.o)
    0x00002538   0x00000014   Code   RO         3024    .text               fz_ps.l(dnan2.o)
    0x0000254c   0x0000003e   Code   RO         3030    .text               c_p.l(sys_stackheap_outer.o)
    0x0000258a   0x0000001e   Code   RO         3033    .text               c_p.l(_chval.o)
    0x000025a8   0x0000000c   Code   RO         3038    .text               c_p.l(exit.o)
    0x000025b4   0x00000064   Code   RO         3091    .text               fz_ps.l(retnan.o)
    0x00002618   0x0000000c   Code   RO         3106    .text               c_p.l(sys_exit.o)
    0x00002624   0x00000002   Code   RO         3125    .text               c_p.l(use_no_semi.o)
    0x00002626   0x00000000   Code   RO         3127    .text               c_p.l(indicate_semi.o)
    0x00002626   0x00000002   PAD
    0x00002628   0x00000028   Code   RO          537    i.ADC_Configuration  system.o
    0x00002650   0x0000009c   Code   RO         1903    i.ADC_IRQHandler    drvadc.o
    0x000026ec   0x00000030   Code   RO          403    i.AnalongReadEZ4    sensor.o
    0x0000271c   0x00000030   Code   RO          404    i.AnalongReadRF     sensor.o
    0x0000274c   0x00000028   Code   RO         1097    i.BOD_IRQHandler    drvsys.o
    0x00002774   0x000000d4   Code   RO         1694    i.BaudRateCalculator  drvuart.o
    0x00002848   0x00000046   Code   RO         1400    i.CalTimerInitValue  drvtimer.o
    0x0000288e   0x00000002   PAD
    0x00002890   0x000001e4   Code   RO          184    i.Calibration       counter_people.o
    0x00002a74   0x00000090   Code   RO          185    i.Counting          counter_people.o
    0x00002b04   0x00000054   Code   RO         1923    i.DrvADC_GetConversionData  drvadc.o
    0x00002b58   0x00000014   Code   RO         1927    i.DrvADC_IsConversionDone  drvadc.o
    0x00002b6c   0x000000e0   Code   RO         1930    i.DrvADC_Open       drvadc.o
    0x00002c4c   0x00000024   Code   RO         1936    i.DrvADC_StartConvert  drvadc.o
    0x00002c70   0x00000014   Code   RO         1937    i.DrvADC_StopConvert  drvadc.o
    0x00002c84   0x0000002c   Code   RO          748    i.DrvGPIO_ClrBit    drvgpio.o
    0x00002cb0   0x00000028   Code   RO          761    i.DrvGPIO_GetBit    drvgpio.o
    0x00002cd8   0x00000758   Code   RO          770    i.DrvGPIO_InitFunction  drvgpio.o
    0x00003430   0x00000078   Code   RO          771    i.DrvGPIO_Open      drvgpio.o
    0x000034a8   0x0000002c   Code   RO          772    i.DrvGPIO_SetBit    drvgpio.o
    0x000034d4   0x0000002c   Code   RO         1100    i.DrvSYS_Delay      drvsys.o
    0x00003500   0x00000008   Code   RO         1115    i.DrvSYS_GetExtClockFreq  drvsys.o
    0x00003508   0x0000006c   Code   RO         1116    i.DrvSYS_GetHCLKFreq  drvsys.o
    0x00003574   0x00000078   Code   RO         1117    i.DrvSYS_GetPLLClockFreq  drvsys.o
    0x000035ec   0x000000c0   Code   RO         1118    i.DrvSYS_GetPLLContent  drvsys.o
    0x000036ac   0x00000010   Code   RO         1121    i.DrvSYS_IsProtectedRegLocked  drvsys.o
    0x000036bc   0x000000ac   Code   RO         1123    i.DrvSYS_Open       drvsys.o
    0x00003768   0x00000038   Code   RO         1129    i.DrvSYS_SelectHCLKSource  drvsys.o
    0x000037a0   0x00000160   Code   RO         1130    i.DrvSYS_SelectIPClockSource  drvsys.o
    0x00003900   0x00000020   Code   RO         1131    i.DrvSYS_SelectPLLSource  drvsys.o
    0x00003920   0x0000004c   Code   RO         1138    i.DrvSYS_SetPLLContent  drvsys.o
    0x0000396c   0x0000005c   Code   RO         1416    i.DrvTIMER_EnableInt  drvtimer.o
    0x000039c8   0x00000044   Code   RO         1421    i.DrvTIMER_GetIntTicks  drvtimer.o
    0x00003a0c   0x00000024   Code   RO         1423    i.DrvTIMER_Init     drvtimer.o
    0x00003a30   0x000002ec   Code   RO         1424    i.DrvTIMER_Open     drvtimer.o
    0x00003d1c   0x00000044   Code   RO         1432    i.DrvTIMER_Start    drvtimer.o
    0x00003d60   0x00000100   Code   RO         1699    i.DrvUART_EnableInt  drvuart.o
    0x00003e60   0x00000264   Code   RO         1704    i.DrvUART_Open      drvuart.o
    0x000040c4   0x00000040   Code   RO         1705    i.DrvUART_Read      drvuart.o
    0x00004104   0x00000040   Code   RO         1710    i.DrvUART_Write     drvuart.o
    0x00004144   0x00000024   Code   RO          778    i.EINT0_IRQHandler  drvgpio.o
    0x00004168   0x00000024   Code   RO          779    i.EINT1_IRQHandler  drvgpio.o
    0x0000418c   0x0000003c   Code   RO          780    i.GPAB_IRQHandler   drvgpio.o
    0x000041c8   0x00000040   Code   RO          781    i.GPCDE_IRQHandler  drvgpio.o
    0x00004208   0x00000024   Code   RO          186    i.GetMax2           counter_people.o
    0x0000422c   0x00000024   Code   RO          187    i.GetMin2           counter_people.o
    0x00004250   0x00000068   Code   RO         1438    i.GetTimerClock     drvtimer.o
    0x000042b8   0x00000048   Code   RO         1711    i.GetUartClk        drvuart.o
    0x00004300   0x000000e4   Code   RO          188    i.HistoryShift      counter_people.o
    0x000043e4   0x00000078   Code   RO         2313    i.I2C0_IRQHandler   drvi2c.o
    0x0000445c   0x00000078   Code   RO         2314    i.I2C1_IRQHandler   drvi2c.o
    0x000044d4   0x00000168   Code   RO         2472    i.I2S_IRQHandler    drvi2s.o
    0x0000463c   0x00000074   Code   RO          538    i.InitSystem        system.o
    0x000046b0   0x00000014   Code   RO         1440    i.NVIC_EnableIRQ    drvtimer.o
    0x000046c4   0x00000014   Code   RO         1713    i.NVIC_EnableIRQ    drvuart.o
    0x000046d8   0x00000078   Code   RO         1441    i.NVIC_SetPriority  drvtimer.o
    0x00004750   0x0000008c   Code   RO         2654    i.PDMA_IRQHandler   drvpdma.o
    0x000047dc   0x00000164   Code   RO         2158    i.PWMA_IRQHandler   drvpwm.o
    0x00004940   0x00000164   Code   RO         2159    i.PWMB_IRQHandler   drvpwm.o
    0x00004aa4   0x00000028   Code   RO         1145    i.PWRWU_IRQHandler  drvsys.o
    0x00004acc   0x0000005c   Code   RO         1003    i.RTC_IRQHandler    drvrtc.o
    0x00004b28   0x0000001c   Code   RO          542    i.SENSOR_Configuration  system.o
    0x00004b44   0x00000030   Code   RO          189    i.Search_LaneStateMax  counter_people.o
    0x00004b74   0x00000030   Code   RO          405    i.SetADChannel      sensor.o
    0x00004ba4   0x00000010   Code   RO          190    i.SetBFlag1         counter_people.o
    0x00004bb4   0x000000a0   Code   RO           17    i.SystemCoreClockUpdate  system_nuc1xx.o
    0x00004c54   0x00000002   Code   RO           18    i.SystemInit        system_nuc1xx.o
    0x00004c56   0x00000028   Code   RO          543    i.TIMER_Configuration  system.o
    0x00004c7e   0x00000002   PAD
    0x00004c80   0x0000009c   Code   RO         1442    i.TMR0_IRQHandler   drvtimer.o
    0x00004d1c   0x0000009c   Code   RO         1443    i.TMR1_IRQHandler   drvtimer.o
    0x00004db8   0x0000009c   Code   RO         1444    i.TMR2_IRQHandler   drvtimer.o
    0x00004e54   0x0000009c   Code   RO         1445    i.TMR3_IRQHandler   drvtimer.o
    0x00004ef0   0x0000003c   Code   RO         1714    i.UART02_IRQHandler  drvuart.o
    0x00004f2c   0x00000020   Code   RO         1715    i.UART1_IRQHandler  drvuart.o
    0x00004f4c   0x00000050   Code   RO          544    i.UART_Configuration  system.o
    0x00004f9c   0x00000034   Code   RO         1446    i.WDT_IRQHandler    drvtimer.o
    0x00004fd0   0x0000000e   Code   RO          284    i._UART0_INT_HANDLE  uart.o
    0x00004fde   0x00000010   Code   RO          285    i._UART1_INT_HANDLE  uart.o
    0x00004fee   0x00000010   Code   RO          286    i._UART2_INT_HANDLE  uart.o
    0x00004ffe   0x00000002   PAD
    0x00005000   0x000000d0   Code   RO          287    i._UART_INT_HANDLE  uart.o
    0x000050d0   0x00000030   Code   RO         3015    i.__ARM_common_ll_muluu  c_p.l(btod.o)
    0x00005100   0x0000001c   Code   RO          977    i.__ARM_common_switch8  drvgpio.o
    0x0000511c   0x0000002c   Code   RO         3028    i.__ARM_fpclassify  m_ps.l(fpclassify.o)
    0x00005148   0x000000a4   Code   RO           60    i._do               main.o
    0x000051ec   0x00000150   Code   RO           61    i._do_counter       main.o
    0x0000533c   0x000000fc   Code   RO           62    i._do_master        main.o
    0x00005438   0x00000190   Code   RO           63    i._do_pc_frame      main.o
    0x000055c8   0x00000080   Code   RO          288    i._do_read          uart.o
    0x00005648   0x000000a0   Code   RO           64    i._do_slave         main.o
    0x000056e8   0x00000028   Code   RO          289    i._get_idx          uart.o
    0x00005710   0x00000032   Code   RO          546    i._gpio_init        system.o
    0x00005742   0x00000002   PAD
    0x00005744   0x00000088   Code   RO           65    i._initialize       main.o
    0x000057cc   0x0000000e   Code   RO         2829    i._is_digit         c_p.l(__printf_wp.o)
    0x000057da   0x00000072   Code   RO          694    i._people_stuff     channel.o
    0x0000584c   0x0000003c   Code   RO          406    i._read_one_board   sensor.o
    0x00005888   0x000000fc   Code   RO          407    i._read_two_left_board  sensor.o
    0x00005984   0x00000020   Code   RO          408    i._sensor_set_default  sensor.o
    0x000059a4   0x00000020   Code   RO          409    i._set_default      sensor.o
    0x000059c4   0x00000070   Code   RO          695    i.channel_analyze   channel.o
    0x00005a34   0x00000080   Code   RO          696    i.channel_filtering  channel.o
    0x00005ab4   0x000001ac   Code   RO          192    i.counter_people_init  counter_people.o
    0x00005c60   0x00000180   Code   RO          193    i.counter_people_process  counter_people.o
    0x00005de0   0x0000000e   Code   RO          547    i.delay_loop        system.o
    0x00005dee   0x00000022   Code   RO          410    i.get_ADC_value     sensor.o
    0x00005e10   0x00000014   Code   RO           66    i.led_toggle        main.o
    0x00005e24   0x00000038   Code   RO           67    i.main              main.o
    0x00005e5c   0x00000104   Code   RO          640    i.pc_parse_command  pc.o
    0x00005f60   0x00000088   Code   RO          641    i.pc_read_frame     pc.o
    0x00005fe8   0x0000009c   Code   RO          643    i.pc_write_handshake_frame  pc.o
    0x00006084   0x00000030   Code   RO          644    i.pc_write_log_frame  pc.o
    0x000060b4   0x0000003c   Code   RO          645    i.pc_write_people_frame  pc.o
    0x000060f0   0x0000002c   Code   RO          646    i.pc_write_sample_ack_frame  pc.o
    0x0000611c   0x00000030   Code   RO          647    i.pc_write_sample_frame  pc.o
    0x0000614c   0x00000228   Code   RO          194    i.pir_lane_analyze  counter_people.o
    0x00006374   0x00000100   Code   RO          195    i.pir_mean          counter_people.o
    0x00006474   0x0000066c   Code   RO          196    i.pir_parse         counter_people.o
    0x00006ae0   0x0000003c   Code   RO          412    i.pir_read          sensor.o
    0x00006b1c   0x000000a4   Code   RO          516    i.printk            log.o
    0x00006bc0   0x00000060   Code   RO          413    i.sensor_compress   sensor.o
    0x00006c20   0x00000010   Code   RO          414    i.sensor_counter_increment  sensor.o
    0x00006c30   0x00000098   Code   RO          415    i.sensor_read       sensor.o
    0x00006cc8   0x00000028   Code   RO          416    i.sensor_read_all   sensor.o
    0x00006cf0   0x00000032   Code   RO          417    i.sensor_uncompress  sensor.o
    0x00006d22   0x00000002   PAD
    0x00006d24   0x00000090   Code   RO          717    i.slave_read_sample  slave.o
    0x00006db4   0x0000001c   Code   RO          718    i.slave_us_disable  slave.o
    0x00006dd0   0x00000020   Code   RO          719    i.slave_us_enable   slave.o
    0x00006df0   0x00000020   Code   RO          720    i.slave_us_is_enabled  slave.o
    0x00006e10   0x00000010   Code   RO          548    i.system_get_board_type  system.o
    0x00006e20   0x0000002a   Code   RO          549    i.system_get_dip    system.o
    0x00006e4a   0x00000002   PAD
    0x00006e4c   0x00000008   Code   RO          291    i.uart_get_overflow  uart.o
    0x00006e54   0x00000098   Code   RO          292    i.uart_init         uart.o
    0x00006eec   0x00000016   Code   RO          293    i.uart_read         uart.o
    0x00006f02   0x00000002   PAD
    0x00006f04   0x0000001c   Code   RO          294    i.uart_read_oversize  uart.o
    0x00006f20   0x00000016   Code   RO          295    i.uart_read_try     uart.o
    0x00006f36   0x0000001e   Code   RO          296    i.uart_write        uart.o
    0x00006f54   0x00000014   Code   RO          297    i.uart_write_byte   uart.o
    0x00006f68   0x0000001a   Code   RO          298    i.uart_write_uint16  uart.o
    0x00006f82   0x0000001e   Code   RO          299    i.uart_write_uint32  uart.o
    0x00006fa0   0x0000000e   Code   RO          300    i.uint16_to_big_endian  uart.o
    0x00006fae   0x00000002   PAD
    0x00006fb0   0x000000ac   Code   RO          418    i.ultrasonic_read_next  sensor.o
    0x0000705c   0x00000084   Code   RO          197    i.us_analyze        counter_people.o
    0x000070e0   0x00000044   Code   RO          198    i.us_get_height     counter_people.o
    0x00007124   0x0000002c   Code   RO         3020    locale$$code        c_p.l(lc_numeric_c.o)
    0x00007150   0x0000002c   Code   RO         3036    locale$$code        c_p.l(lc_ctype_c.o)
    0x0000717c   0x00000064   Code   RO         2871    x$fpl$dleqf         fz_ps.l(dlef.o)
    0x000071e0   0x00000068   Code   RO         2875    x$fpl$drleqf        fz_ps.l(drlef.o)
    0x00007248   0x00000010   Code   RO         2877    x$fpl$printf1       fz_ps.l(printf1.o)
    0x00007258   0x00000000   Code   RO         2970    x$fpl$usenofp       fz_ps.l(usenofp.o)
    0x00007258   0x00000048   Data   RO           71    .constdata          main.o
    0x000072a0   0x0000006e   Data   RO          200    .constdata          counter_people.o
    0x0000730e   0x00000002   PAD
    0x00007310   0x00000010   Data   RO         1146    .constdata          drvsys.o
    0x00007320   0x00000010   Data   RO         1448    .constdata          drvtimer.o
    0x00007330   0x00000011   Data   RO         2837    .constdata          c_p.l(__printf_flags_ss_wp.o)
    0x00007341   0x00000080   Data   RO         2863    .constdata          fz_ps.l(ddiv.o)
    0x000073c1   0x00000003   PAD
    0x000073c4   0x00000008   Data   RO         2908    .constdata          c_p.l(_printf_wctomb.o)
    0x000073cc   0x00000028   Data   RO         2937    .constdata          c_p.l(_printf_hex_int_ll_ptr.o)
    0x000073f4   0x00000094   Data   RO         3011    .constdata          c_p.l(bigflt0.o)
    0x00007488   0x00000024   Data   RO           72    .conststring        main.o
    0x000074ac   0x00000020   Data   RO         3170    Region$$Table       anon$$obj.o
    0x000074cc   0x0000001c   Data   RO         3019    locale$$data        c_p.l(lc_numeric_c.o)
    0x000074e8   0x00000110   Data   RO         3035    locale$$data        c_p.l(lc_ctype_c.o)


    Execution Region ER_RW (Base: 0x20000000, Size: 0x00000604, Max: 0xffffffff, ABSOLUTE)

    Base Addr    Size         Type   Attr      Idx    E Section Name        Object

    0x20000000   0x0000001c   Data   RW           19    .data               system_nuc1xx.o
    0x2000001c   0x00000004   PAD
    0x20000020   0x00000041   Data   RW           73    .data               main.o
    0x20000061   0x00000007   PAD
    0x20000068   0x00000090   Data   RW          201    .data               counter_people.o
    0x200000f8   0x00000024   Data   RW          303    .data               uart.o
    0x2000011c   0x0000001c   Data   RW          419    .data               sensor.o
    0x20000138   0x000003de   Data   RW          552    .data               system.o
    0x20000516   0x00000002   PAD
    0x20000518   0x00000010   Data   RW          785    .data               drvgpio.o
    0x20000528   0x00000050   Data   RW         1004    .data               drvrtc.o
    0x20000578   0x00000008   Data   RW         1147    .data               drvsys.o
    0x20000580   0x00000068   Data   RW         1449    .data               drvtimer.o
    0x200005e8   0x0000000c   Data   RW         1716    .data               drvuart.o
    0x200005f4   0x0000000c   Data   RW         1941    .data               drvadc.o
    0x20000600   0x00000004   Data   RW         2161    .data               drvpwm.o


    Execution Region ER_ZI (Base: 0x20000604, Size: 0x00003424, Max: 0xffffffff, ABSOLUTE)

    Base Addr    Size         Type   Attr      Idx    E Section Name        Object

    0x20000604   0x0000011b   Zero   RW           70    .bss                main.o
    0x2000071f   0x00000001   PAD
    0x20000720   0x000017a0   Zero   RW          199    .bss                counter_people.o
    0x20001ec0   0x00001218   Zero   RW          302    .bss                uart.o
    0x200030d8   0x000000ff   Zero   RW          517    .bss                log.o
    0x200031d7   0x00000001   PAD
    0x200031d8   0x000002a4   Zero   RW          551    .bss                system.o
    0x2000347c   0x00000050   Zero   RW         1447    .bss                drvtimer.o
    0x200034cc   0x0000000c   Zero   RW         1940    .bss                drvadc.o
    0x200034d8   0x00000040   Zero   RW         2160    .bss                drvpwm.o
    0x20003518   0x00000020   Zero   RW         2318    .bss                drvi2c.o
    0x20003538   0x00000020   Zero   RW         2474    .bss                drvi2s.o
    0x20003558   0x0000006c   Zero   RW         2655    .bss                drvpdma.o
    0x200035c4   0x00000060   Zero   RW         2972    .bss                c_p.l(libspace.o)
    0x20003624   0x00000004   PAD
    0x20003628   0x00000000   Zero   RW           54    HEAP                startup_nuc1xx.o
    0x20003628   0x00000400   Zero   RW           53    STACK               startup_nuc1xx.o


==============================================================================

Image component sizes


      Code (inc. data)   RO Data    RW Data    ZI Data      Debug   Object Name

       354          0          0          0          0       2786   channel.o
         0          0          0          0          0       4188   core_cm0.o
      4456        654        110        144       6048      12863   counter_people.o
       540         50          0         12         12       6035   drvadc.o
      2352        154          0         16          0      12284   drvgpio.o
       240         16          0          0         32       2300   drvi2c.o
       360         10          0          0         32       3057   drvi2s.o
       140         12          0          0        108       3274   drvpdma.o
       712         40          0          4         64       3760   drvpwm.o
        92         16          0         80          0       3865   drvrtc.o
      1256        154         16          8          0      11552   drvsys.o
      2002        248         16        104         80      20430   drvtimer.o
      1392         96          0         12          0      17973   drvuart.o
       164         32          0          0        255       1661   log.o
      1524        354        108         65        283     129139   main.o
       752        106          0          0          0       4751   pc.o
      1140        106          0         28          0      15334   sensor.o
       236         24          0          0          0       2623   slave.o
       100         46        192          0       1024        812   startup_nuc1xx.o
       426         32          0        990        676       6208   system.o
       162         30          0         28          0       1942   system_nuc1xx.o
       774        110          0         36       4632     129760   uart.o

    ----------------------------------------------------------------------
     19190       2290        476       1540      13248     396597   Object Totals
         0          0         32          0          0          0   (incl. Generated)
        16          0          2         13          2          0   (incl. Padding)

    ----------------------------------------------------------------------

      Code (inc. data)   RO Data    RW Data    ZI Data      Debug   Library Member Name

        44          4          0          0          0         84   __2sprintf.o
         8          0          0          0          0         68   __main.o
       392          4         17          0          0         76   __printf_flags_ss_wp.o
        14          0          0          0          0         60   __printf_wp.o
        60          8          0          0          0          0   __scatter.o
        26          0          0          0          0          0   __scatter_copy.o
        28          0          0          0          0          0   __scatter_zi.o
        30          0          0          0          0         60   _chval.o
        10          0          0          0          0          0   _printf_a.o
        10          0          0          0          0          0   _printf_c.o
        46          0          0          0          0        100   _printf_char.o
        48          6          0          0          0         88   _printf_char_common.o
        40          0          0          0          0         60   _printf_charcount.o
        10          0          0          0          0          0   _printf_d.o
       108         18          0          0          0         76   _printf_dec.o
        10          0          0          0          0          0   _printf_e.o
        10          0          0          0          0          0   _printf_f.o
      1044         12          0          0          0        176   _printf_fp_dec.o
       136         16          0          0          0         76   _printf_fp_infnan.o
        10          0          0          0          0          0   _printf_g.o
       152          4         40          0          0        148   _printf_hex_int_ll_ptr.o
        10          0          0          0          0          0   _printf_i.o
       176          0          0          0          0         84   _printf_intcommon.o
        10          0          0          0          0          0   _printf_l.o
        10          0          0          0          0          0   _printf_lc.o
        10          0          0          0          0          0   _printf_ll.o
        10          0          0          0          0          0   _printf_lld.o
        10          0          0          0          0          0   _printf_lli.o
        10          0          0          0          0          0   _printf_llo.o
        10          0          0          0          0          0   _printf_llu.o
        10          0          0          0          0          0   _printf_llx.o
       112         18          0          0          0         76   _printf_longlong_dec.o
        10          0          0          0          0          0   _printf_ls.o
        10          0          0          0          0          0   _printf_n.o
        10          0          0          0          0          0   _printf_o.o
       112         10          0          0          0        112   _printf_oct_int_ll.o
        10          0          0          0          0          0   _printf_p.o
        78          0          0          0          0        100   _printf_pad.o
         2          0          0          0          0          0   _printf_percent.o
         4          0          0          0          0          0   _printf_percent_end.o
        10          0          0          0          0          0   _printf_s.o
        82          0          0          0          0         72   _printf_str.o
        36          0          0          0          0         76   _printf_truncate.o
        10          0          0          0          0          0   _printf_u.o
        46          0          0          0          0        100   _printf_wchar.o
       188          6          8          0          0         80   _printf_wctomb.o
        10          0          0          0          0          0   _printf_x.o
        16          0          0          0          0         60   _snputc.o
        10          0          0          0          0         60   _sputc.o
       166          0          0          0          0         84   _strtoul.o
        68          0          0          0          0         72   _wcrtomb.o
        18          0          0          0          0         68   aeabi_memset.o
       346          0          0          0          0         92   aeabi_sdiv.o
        26          0          0          0          0         72   atoi.o
       204          4        148          0          0         80   bigflt0.o
      1240         12          0          0          0        316   btod.o
        52          4          0          0          0         72   c89vsnprintf.o
        12          0          0          0          0         64   exit.o
         6          0          0          0          0        136   heapauxi.o
         0          0          0          0          0          0   indicate_semi.o
        44         10        272          0          0         76   lc_ctype_c.o
        44         10         28          0          0         76   lc_numeric_c.o
         6          0          0          0          0          0   libinit.o
        30          0          0          0          0          0   libinit2.o
         2          0          0          0          0          0   libshutdown.o
         2          0          0          0          0          0   libshutdown2.o
         8          4          0          0         96         68   libspace.o
       122          0          0          0          0         72   lludiv10.o
        16          4          0          0          0         76   rt_ctype_table.o
         8          4          0          0          0         68   rt_errno_addr_intlibspace.o
         8          4          0          0          0         68   rt_locale_intlibspace.o
        64          0          0          0          0        108   rt_memclr.o
       186          0          0          0          0        144   rt_memcpy.o
       150          0          0          0          0        104   rt_memmove.o
         0          0          0          0          0          0   rtentry.o
        12          0          0          0          0          0   rtentry2.o
         6          0          0          0          0          0   rtentry4.o
         2          0          0          0          0          0   rtexit.o
        10          0          0          0          0          0   rtexit2.o
        40          0          0          0          0         60   rtudiv10.o
       136          4          0          0          0         72   strcmp.o
       112          4          0          0          0         76   strtol.o
        12          4          0          0          0         60   sys_exit.o
        62          0          0          0          0         80   sys_stackheap_outer.o
         2          0          0          0          0         68   use_no_semi.o
        44          0          0          0          0         60   cmpret.o
       836         20          0          0          0        216   daddsub.o
       128          6          0          0          0         76   dcmpin.o
      1080         30        128          0          0        108   ddiv.o
       108         12          0          0          0         72   dfixi.o
        72         10          0          0          0         68   dfixui.o
        86          0          0          0          0         92   dflti.o
       100          4          0          0          0         92   dlef.o
       656         22          0          0          0         84   dmul.o
        20          6          0          0          0         68   dnan2.o
       104          4          0          0          0        104   drlef.o
        16          4          0          0          0         76   printf1.o
       100          0          0          0          0         68   retnan.o
         0          0          0          0          0          0   usenofp.o
        44          6          0          0          0         60   fpclassify.o

    ----------------------------------------------------------------------
      9890        298        644          0        100       5468   Library Totals
        16          0          3          0          4          0   (incl. Padding)

    ----------------------------------------------------------------------

      Code (inc. data)   RO Data    RW Data    ZI Data      Debug   Library Name

      6480        174        513          0         96       4224   c_p.l
      3350        118        128          0          0       1184   fz_ps.l
        44          6          0          0          0         60   m_ps.l

    ----------------------------------------------------------------------
      9890        298        644          0        100       5468   Library Totals

    ----------------------------------------------------------------------

==============================================================================


      Code (inc. data)   RO Data    RW Data    ZI Data      Debug   

     29080       2588       1120       1540      13348     393241   Grand Totals
     29080       2588       1120       1540      13348     393241   ELF Image Totals
     29080       2588       1120       1540          0          0   ROM Totals

==============================================================================

    Total RO  Size (Code + RO Data)                30200 (  29.49kB)
    Total RW  Size (RW Data + ZI Data)             14888 (  14.54kB)
    Total ROM Size (Code + RO Data + RW Data)      31740 (  31.00kB)

==============================================================================

